Archive member included to satisfy reference by file (symbol)

c:/developer_tools/gcc_arm_none_eabi/bin/../lib/gcc/arm-none-eabi/9.2.1/../../../../arm-none-eabi/lib/thumb/v7e-m/nofp\libc.a(lib_a-exit.o)
                              c:/developer_tools/gcc_arm_none_eabi/bin/../lib/gcc/arm-none-eabi/9.2.1/../../../../arm-none-eabi/lib/thumb/v7e-m/nofp/crt0.o (exit)
c:/developer_tools/gcc_arm_none_eabi/bin/../lib/gcc/arm-none-eabi/9.2.1/../../../../arm-none-eabi/lib/thumb/v7e-m/nofp\libc.a(lib_a-impure.o)
                              c:/developer_tools/gcc_arm_none_eabi/bin/../lib/gcc/arm-none-eabi/9.2.1/../../../../arm-none-eabi/lib/thumb/v7e-m/nofp\libc.a(lib_a-exit.o) (_global_impure_ptr)
c:/developer_tools/gcc_arm_none_eabi/bin/../lib/gcc/arm-none-eabi/9.2.1/../../../../arm-none-eabi/lib/thumb/v7e-m/nofp\libc.a(lib_a-init.o)
                              c:/developer_tools/gcc_arm_none_eabi/bin/../lib/gcc/arm-none-eabi/9.2.1/../../../../arm-none-eabi/lib/thumb/v7e-m/nofp/crt0.o (__libc_init_array)
c:/developer_tools/gcc_arm_none_eabi/bin/../lib/gcc/arm-none-eabi/9.2.1/../../../../arm-none-eabi/lib/thumb/v7e-m/nofp\libc.a(lib_a-memset.o)
                              c:/developer_tools/gcc_arm_none_eabi/bin/../lib/gcc/arm-none-eabi/9.2.1/../../../../arm-none-eabi/lib/thumb/v7e-m/nofp/crt0.o (memset)
c:/developer_tools/gcc_arm_none_eabi/bin/../lib/gcc/arm-none-eabi/9.2.1/../../../../arm-none-eabi/lib/thumb/v7e-m/nofp\libc.a(lib_a-__call_atexit.o)
                              c:/developer_tools/gcc_arm_none_eabi/bin/../lib/gcc/arm-none-eabi/9.2.1/../../../../arm-none-eabi/lib/thumb/v7e-m/nofp\libc.a(lib_a-exit.o) (__call_exitprocs)
c:/developer_tools/gcc_arm_none_eabi/bin/../lib/gcc/arm-none-eabi/9.2.1/../../../../arm-none-eabi/lib/thumb/v7e-m/nofp\libc.a(lib_a-atexit.o)
                              c:/developer_tools/gcc_arm_none_eabi/bin/../lib/gcc/arm-none-eabi/9.2.1/../../../../arm-none-eabi/lib/thumb/v7e-m/nofp\libc.a(lib_a-__call_atexit.o) (atexit)
c:/developer_tools/gcc_arm_none_eabi/bin/../lib/gcc/arm-none-eabi/9.2.1/../../../../arm-none-eabi/lib/thumb/v7e-m/nofp\libc.a(lib_a-fini.o)
                              c:/developer_tools/gcc_arm_none_eabi/bin/../lib/gcc/arm-none-eabi/9.2.1/../../../../arm-none-eabi/lib/thumb/v7e-m/nofp\libc.a(lib_a-__call_atexit.o) (__libc_fini_array)
c:/developer_tools/gcc_arm_none_eabi/bin/../lib/gcc/arm-none-eabi/9.2.1/../../../../arm-none-eabi/lib/thumb/v7e-m/nofp\libc.a(lib_a-lock.o)
                              c:/developer_tools/gcc_arm_none_eabi/bin/../lib/gcc/arm-none-eabi/9.2.1/../../../../arm-none-eabi/lib/thumb/v7e-m/nofp\libc.a(lib_a-__call_atexit.o) (__retarget_lock_acquire_recursive)
c:/developer_tools/gcc_arm_none_eabi/bin/../lib/gcc/arm-none-eabi/9.2.1/../../../../arm-none-eabi/lib/thumb/v7e-m/nofp\libc.a(lib_a-__atexit.o)
                              c:/developer_tools/gcc_arm_none_eabi/bin/../lib/gcc/arm-none-eabi/9.2.1/../../../../arm-none-eabi/lib/thumb/v7e-m/nofp\libc.a(lib_a-atexit.o) (__register_exitproc)
c:/developer_tools/gcc_arm_none_eabi/bin/../lib/gcc/arm-none-eabi/9.2.1/../../../../arm-none-eabi/lib/thumb/v7e-m/nofp\libnosys.a(_exit.o)
                              c:/developer_tools/gcc_arm_none_eabi/bin/../lib/gcc/arm-none-eabi/9.2.1/../../../../arm-none-eabi/lib/thumb/v7e-m/nofp\libc.a(lib_a-exit.o) (_exit)

Allocating common symbols
Common symbol       size              file

__lock___atexit_recursive_mutex
                    0x1               c:/developer_tools/gcc_arm_none_eabi/bin/../lib/gcc/arm-none-eabi/9.2.1/../../../../arm-none-eabi/lib/thumb/v7e-m/nofp\libc.a(lib_a-lock.o)
__lock___arc4random_mutex
                    0x1               c:/developer_tools/gcc_arm_none_eabi/bin/../lib/gcc/arm-none-eabi/9.2.1/../../../../arm-none-eabi/lib/thumb/v7e-m/nofp\libc.a(lib_a-lock.o)
__lock___env_recursive_mutex
                    0x1               c:/developer_tools/gcc_arm_none_eabi/bin/../lib/gcc/arm-none-eabi/9.2.1/../../../../arm-none-eabi/lib/thumb/v7e-m/nofp\libc.a(lib_a-lock.o)
__lock___sinit_recursive_mutex
                    0x1               c:/developer_tools/gcc_arm_none_eabi/bin/../lib/gcc/arm-none-eabi/9.2.1/../../../../arm-none-eabi/lib/thumb/v7e-m/nofp\libc.a(lib_a-lock.o)
__lock___malloc_recursive_mutex
                    0x1               c:/developer_tools/gcc_arm_none_eabi/bin/../lib/gcc/arm-none-eabi/9.2.1/../../../../arm-none-eabi/lib/thumb/v7e-m/nofp\libc.a(lib_a-lock.o)
__lock___at_quick_exit_mutex
                    0x1               c:/developer_tools/gcc_arm_none_eabi/bin/../lib/gcc/arm-none-eabi/9.2.1/../../../../arm-none-eabi/lib/thumb/v7e-m/nofp\libc.a(lib_a-lock.o)
__lock___dd_hash_mutex
                    0x1               c:/developer_tools/gcc_arm_none_eabi/bin/../lib/gcc/arm-none-eabi/9.2.1/../../../../arm-none-eabi/lib/thumb/v7e-m/nofp\libc.a(lib_a-lock.o)
[...]
Memory Configuration

Name             Origin             Length             Attributes
FLASH            0x08000000         0x00010000         xr
RAM              0x20000000         0x00002000         xrw
*default*        0x00000000         0xffffffff

Linker script and memory map

LOAD c:/developer_tools/gcc_arm_none_eabi/bin/../lib/gcc/arm-none-eabi/9.2.1/thumb/v7e-m/nofp/crti.o
LOAD c:/developer_tools/gcc_arm_none_eabi/bin/../lib/gcc/arm-none-eabi/9.2.1/thumb/v7e-m/nofp/crtbegin.o
LOAD c:/developer_tools/gcc_arm_none_eabi/bin/../lib/gcc/arm-none-eabi/9.2.1/../../../../arm-none-eabi/lib/thumb/v7e-m/nofp/crt0.o
LOAD CMakeFiles/RotorFly_fw.elf.dir/App/gd32f3x0_it.c.obj
LOAD CMakeFiles/RotorFly_fw.elf.dir/App/main.c.obj
LOAD CMakeFiles/RotorFly_fw.elf.dir/App/systick.c.obj
LOAD CMakeFiles/RotorFly_fw.elf.dir/Lib/GD32_Lib/CMSIS/GD/GD32F3x0/Source/GCC/startup_gd32f3x0.S.obj
LOAD CMakeFiles/RotorFly_fw.elf.dir/Lib/GD32_Lib/CMSIS/GD/GD32F3x0/Source/system_gd32f3x0.c.obj
LOAD CMakeFiles/RotorFly_fw.elf.dir/Lib/GD32_Lib/GD32F3x0_standard_peripheral/Source/gd32f3x0_adc.c.obj
LOAD CMakeFiles/RotorFly_fw.elf.dir/Lib/GD32_Lib/GD32F3x0_standard_peripheral/Source/gd32f3x0_cec.c.obj
LOAD CMakeFiles/RotorFly_fw.elf.dir/Lib/GD32_Lib/GD32F3x0_standard_peripheral/Source/gd32f3x0_cmp.c.obj
LOAD CMakeFiles/RotorFly_fw.elf.dir/Lib/GD32_Lib/GD32F3x0_standard_peripheral/Source/gd32f3x0_crc.c.obj
LOAD CMakeFiles/RotorFly_fw.elf.dir/Lib/GD32_Lib/GD32F3x0_standard_peripheral/Source/gd32f3x0_ctc.c.obj
LOAD CMakeFiles/RotorFly_fw.elf.dir/Lib/GD32_Lib/GD32F3x0_standard_peripheral/Source/gd32f3x0_dac.c.obj
LOAD CMakeFiles/RotorFly_fw.elf.dir/Lib/GD32_Lib/GD32F3x0_standard_peripheral/Source/gd32f3x0_dbg.c.obj
LOAD CMakeFiles/RotorFly_fw.elf.dir/Lib/GD32_Lib/GD32F3x0_standard_peripheral/Source/gd32f3x0_dma.c.obj
LOAD CMakeFiles/RotorFly_fw.elf.dir/Lib/GD32_Lib/GD32F3x0_standard_peripheral/Source/gd32f3x0_exti.c.obj
LOAD CMakeFiles/RotorFly_fw.elf.dir/Lib/GD32_Lib/GD32F3x0_standard_peripheral/Source/gd32f3x0_fmc.c.obj
LOAD CMakeFiles/RotorFly_fw.elf.dir/Lib/GD32_Lib/GD32F3x0_standard_peripheral/Source/gd32f3x0_fwdgt.c.obj
LOAD CMakeFiles/RotorFly_fw.elf.dir/Lib/GD32_Lib/GD32F3x0_standard_peripheral/Source/gd32f3x0_gpio.c.obj
LOAD CMakeFiles/RotorFly_fw.elf.dir/Lib/GD32_Lib/GD32F3x0_standard_peripheral/Source/gd32f3x0_i2c.c.obj
LOAD CMakeFiles/RotorFly_fw.elf.dir/Lib/GD32_Lib/GD32F3x0_standard_peripheral/Source/gd32f3x0_misc.c.obj
LOAD CMakeFiles/RotorFly_fw.elf.dir/Lib/GD32_Lib/GD32F3x0_standard_peripheral/Source/gd32f3x0_pmu.c.obj
LOAD CMakeFiles/RotorFly_fw.elf.dir/Lib/GD32_Lib/GD32F3x0_standard_peripheral/Source/gd32f3x0_rcu.c.obj
LOAD CMakeFiles/RotorFly_fw.elf.dir/Lib/GD32_Lib/GD32F3x0_standard_peripheral/Source/gd32f3x0_rtc.c.obj
LOAD CMakeFiles/RotorFly_fw.elf.dir/Lib/GD32_Lib/GD32F3x0_standard_peripheral/Source/gd32f3x0_spi.c.obj
LOAD CMakeFiles/RotorFly_fw.elf.dir/Lib/GD32_Lib/GD32F3x0_standard_peripheral/Source/gd32f3x0_syscfg.c.obj
LOAD CMakeFiles/RotorFly_fw.elf.dir/Lib/GD32_Lib/GD32F3x0_standard_peripheral/Source/gd32f3x0_timer.c.obj
LOAD CMakeFiles/RotorFly_fw.elf.dir/Lib/GD32_Lib/GD32F3x0_standard_peripheral/Source/gd32f3x0_tsi.c.obj
LOAD CMakeFiles/RotorFly_fw.elf.dir/Lib/GD32_Lib/GD32F3x0_standard_peripheral/Source/gd32f3x0_usart.c.obj
LOAD CMakeFiles/RotorFly_fw.elf.dir/Lib/GD32_Lib/GD32F3x0_standard_peripheral/Source/gd32f3x0_wwdgt.c.obj
START GROUP
LOAD c:/developer_tools/gcc_arm_none_eabi/bin/../lib/gcc/arm-none-eabi/9.2.1/thumb/v7e-m/nofp\libgcc.a
LOAD c:/developer_tools/gcc_arm_none_eabi/bin/../lib/gcc/arm-none-eabi/9.2.1/../../../../arm-none-eabi/lib/thumb/v7e-m/nofp\libc.a
END GROUP
LOAD c:/developer_tools/gcc_arm_none_eabi/bin/../lib/gcc/arm-none-eabi/9.2.1/thumb/v7e-m/nofp/crtend.o
LOAD c:/developer_tools/gcc_arm_none_eabi/bin/../lib/gcc/arm-none-eabi/9.2.1/thumb/v7e-m/nofp/crtn.o
                0x00000800                __stack_size = DEFINED (__stack_size)?__stack_size:0x800

.vectors        0x08000000      0x150
                0x08000000                . = ALIGN (0x4)
 *(.vectors)
 .vectors       0x08000000      0x150 CMakeFiles/RotorFly_fw.elf.dir/Lib/GD32_Lib/CMSIS/GD/GD32F3x0/Source/GCC/startup_gd32f3x0.S.obj
                0x08000000                __gVectors
                0x08000150                . = ALIGN (0x4)
                0x08000150                __Vectors_End = .
                0x08000150                __Vectors_Size = (__Vectors_End - __gVectors)

.text           0x08000150      0x4ec
                0x08000150                . = ALIGN (0x4)
 *(.text)
 .text          0x08000150       0x40 c:/developer_tools/gcc_arm_none_eabi/bin/../lib/gcc/arm-none-eabi/9.2.1/thumb/v7e-m/nofp/crtbegin.o
 *(.text*)
 .text.NMI_Handler
                0x08000190        0x2 CMakeFiles/RotorFly_fw.elf.dir/App/gd32f3x0_it.c.obj
                0x08000190                NMI_Handler
 .text.HardFault_Handler
                0x08000192        0x2 CMakeFiles/RotorFly_fw.elf.dir/App/gd32f3x0_it.c.obj
                0x08000192                HardFault_Handler
 .text.MemManage_Handler
                0x08000194        0x2 CMakeFiles/RotorFly_fw.elf.dir/App/gd32f3x0_it.c.obj
                0x08000194                MemManage_Handler
 .text.BusFault_Handler
                0x08000196        0x2 CMakeFiles/RotorFly_fw.elf.dir/App/gd32f3x0_it.c.obj
                0x08000196                BusFault_Handler
 .text.UsageFault_Handler
                0x08000198        0x2 CMakeFiles/RotorFly_fw.elf.dir/App/gd32f3x0_it.c.obj
                0x08000198                UsageFault_Handler
 .text.SVC_Handler
                0x0800019a        0x2 CMakeFiles/RotorFly_fw.elf.dir/App/gd32f3x0_it.c.obj
                0x0800019a                SVC_Handler
 .text.DebugMon_Handler
                0x0800019c        0x2 CMakeFiles/RotorFly_fw.elf.dir/App/gd32f3x0_it.c.obj
                0x0800019c                DebugMon_Handler
 .text.PendSV_Handler
                0x0800019e        0x2 CMakeFiles/RotorFly_fw.elf.dir/App/gd32f3x0_it.c.obj
                0x0800019e                PendSV_Handler
 .text.SysTick_Handler
                0x080001a0        0x8 CMakeFiles/RotorFly_fw.elf.dir/App/gd32f3x0_it.c.obj
                0x080001a0                SysTick_Handler
 .text.main     0x080001a8        0x8 CMakeFiles/RotorFly_fw.elf.dir/App/main.c.obj
                0x080001a8                main
 .text.systick_config
                0x080001b0       0x40 CMakeFiles/RotorFly_fw.elf.dir/App/systick.c.obj
                0x080001b0                systick_config
 .text.delay_decrement
                0x080001f0       0x14 CMakeFiles/RotorFly_fw.elf.dir/App/systick.c.obj
                0x080001f0                delay_decrement
 .text.Reset_Handler
                0x08000204       0x4c CMakeFiles/RotorFly_fw.elf.dir/Lib/GD32_Lib/CMSIS/GD/GD32F3x0/Source/GCC/startup_gd32f3x0.S.obj
                0x08000204                Reset_Handler
 .text.Default_Handler
                0x08000250        0x2 CMakeFiles/RotorFly_fw.elf.dir/Lib/GD32_Lib/CMSIS/GD/GD32F3x0/Source/GCC/startup_gd32f3x0.S.obj
                0x08000250                TIMER2_IRQHandler
                0x08000250                LVD_IRQHandler
                0x08000250                TSI_IRQHandler
                0x08000250                TIMER15_IRQHandler
                0x08000250                USBFS_WKUP_IRQHandler
                0x08000250                TIMER5_DAC_IRQHandler
                0x08000250                USBFS_IRQHandler
                0x08000250                I2C0_EV_IRQHandler
                0x08000250                ADC_CMP_IRQHandler
                0x08000250                SPI1_IRQHandler
                0x08000250                DMA_Channel3_4_IRQHandler
                0x08000250                TIMER14_IRQHandler
                0x08000250                TIMER16_IRQHandler
                0x08000250                EXTI2_3_IRQHandler
                0x08000250                I2C0_ER_IRQHandler
                0x08000250                RTC_IRQHandler
                0x08000250                USART0_IRQHandler
                0x08000250                TIMER1_IRQHandler
                0x08000250                TIMER13_IRQHandler
                0x08000250                I2C1_EV_IRQHandler
                0x08000250                EXTI4_15_IRQHandler
                0x08000250                Default_Handler
                0x08000250                CEC_IRQHandler
                0x08000250                WWDGT_IRQHandler
                0x08000250                DMA_Channel5_6_IRQHandler
                0x08000250                TIMER0_BRK_UP_TRG_COM_IRQHandler
                0x08000250                EXTI0_1_IRQHandler
                0x08000250                DMA_Channel1_2_IRQHandler
                0x08000250                RCU_CTC_IRQHandler
                0x08000250                TIMER0_Channel_IRQHandler
                0x08000250                SPI0_IRQHandler
                0x08000250                DMA_Channel0_IRQHandler
                0x08000250                USART1_IRQHandler
                0x08000250                I2C1_ER_IRQHandler
                0x08000250                FMC_IRQHandler
 *fill*         0x08000252        0x2 
 .text.system_clock_108m_hxtal
                0x08000254       0xb0 CMakeFiles/RotorFly_fw.elf.dir/Lib/GD32_Lib/CMSIS/GD/GD32F3x0/Source/system_gd32f3x0.c.obj
 .text.system_clock_config
                0x08000304        0x8 CMakeFiles/RotorFly_fw.elf.dir/Lib/GD32_Lib/CMSIS/GD/GD32F3x0/Source/system_gd32f3x0.c.obj
 .text.SystemInit
                0x0800030c      0x220 CMakeFiles/RotorFly_fw.elf.dir/Lib/GD32_Lib/CMSIS/GD/GD32F3x0/Source/system_gd32f3x0.c.obj
                0x0800030c                SystemInit
 .text.nvic_vector_table_set
                0x0800052c       0x18 CMakeFiles/RotorFly_fw.elf.dir/Lib/GD32_Lib/GD32F3x0_standard_peripheral/Source/gd32f3x0_misc.c.obj
                0x0800052c                nvic_vector_table_set
 .text.startup.register_fini
                0x08000544       0x14 c:/developer_tools/gcc_arm_none_eabi/bin/../lib/gcc/arm-none-eabi/9.2.1/../../../../arm-none-eabi/lib/thumb/v7e-m/nofp\libc.a(lib_a-__call_atexit.o)
 .text.atexit   0x08000558        0xc c:/developer_tools/gcc_arm_none_eabi/bin/../lib/gcc/arm-none-eabi/9.2.1/../../../../arm-none-eabi/lib/thumb/v7e-m/nofp\libc.a(lib_a-atexit.o)
                0x08000558                atexit
 .text.__libc_fini_array
                0x08000564       0x2c c:/developer_tools/gcc_arm_none_eabi/bin/../lib/gcc/arm-none-eabi/9.2.1/../../../../arm-none-eabi/lib/thumb/v7e-m/nofp\libc.a(lib_a-fini.o)
                0x08000564                __libc_fini_array
 .text.__retarget_lock_acquire_recursive
                0x08000590        0x4 c:/developer_tools/gcc_arm_none_eabi/bin/../lib/gcc/arm-none-eabi/9.2.1/../../../../arm-none-eabi/lib/thumb/v7e-m/nofp\libc.a(lib_a-lock.o)
                0x08000590                __retarget_lock_acquire_recursive
 .text.__retarget_lock_release_recursive
                0x08000594        0x4 c:/developer_tools/gcc_arm_none_eabi/bin/../lib/gcc/arm-none-eabi/9.2.1/../../../../arm-none-eabi/lib/thumb/v7e-m/nofp\libc.a(lib_a-lock.o)
                0x08000594                __retarget_lock_release_recursive
 .text.__register_exitproc
                0x08000598       0x8c c:/developer_tools/gcc_arm_none_eabi/bin/../lib/gcc/arm-none-eabi/9.2.1/../../../../arm-none-eabi/lib/thumb/v7e-m/nofp\libc.a(lib_a-__atexit.o)
                0x08000598                __register_exitproc
 *(.glue_7)
 .glue_7        0x08000624        0x0 linker stubs
 *(.glue_7t)
 .glue_7t       0x08000624        0x0 linker stubs
 *(.eh_frame)
 .eh_frame      0x08000624        0x0 c:/developer_tools/gcc_arm_none_eabi/bin/../lib/gcc/arm-none-eabi/9.2.1/thumb/v7e-m/nofp/crtbegin.o
 *(.init)
 .init          0x08000624        0x4 c:/developer_tools/gcc_arm_none_eabi/bin/../lib/gcc/arm-none-eabi/9.2.1/thumb/v7e-m/nofp/crti.o
                0x08000624                _init
 .init          0x08000628        0x8 c:/developer_tools/gcc_arm_none_eabi/bin/../lib/gcc/arm-none-eabi/9.2.1/thumb/v7e-m/nofp/crtn.o
 *(.fini)
 .fini          0x08000630        0x4 c:/developer_tools/gcc_arm_none_eabi/bin/../lib/gcc/arm-none-eabi/9.2.1/thumb/v7e-m/nofp/crti.o
                0x08000630                _fini
 .fini          0x08000634        0x8 c:/developer_tools/gcc_arm_none_eabi/bin/../lib/gcc/arm-none-eabi/9.2.1/thumb/v7e-m/nofp/crtn.o
                0x0800063c                . = ALIGN (0x4)
                0x0800063c                _etext = .

.vfp11_veneer   0x0800063c        0x0
 .vfp11_veneer  0x0800063c        0x0 linker stubs

.v4_bx          0x0800063c        0x0
 .v4_bx         0x0800063c        0x0 linker stubs

.iplt           0x0800063c        0x0
 .iplt          0x0800063c        0x0 c:/developer_tools/gcc_arm_none_eabi/bin/../lib/gcc/arm-none-eabi/9.2.1/thumb/v7e-m/nofp/crtbegin.o

.rodata         0x0800063c        0x4
                0x0800063c                . = ALIGN (0x4)
 *(.rodata)
 *(.rodata*)
 .rodata._global_impure_ptr
                0x0800063c        0x4 c:/developer_tools/gcc_arm_none_eabi/bin/../lib/gcc/arm-none-eabi/9.2.1/../../../../arm-none-eabi/lib/thumb/v7e-m/nofp\libc.a(lib_a-impure.o)
                0x0800063c                _global_impure_ptr
                0x08000640                . = ALIGN (0x4)

.rel.dyn        0x08000640        0x0
 .rel.iplt      0x08000640        0x0 c:/developer_tools/gcc_arm_none_eabi/bin/../lib/gcc/arm-none-eabi/9.2.1/thumb/v7e-m/nofp/crtbegin.o

.ARM.extab
 *(.ARM.extab* .gnu.linkonce.armextab.*)

.ARM            0x08000640        0x0
                0x08000640                __exidx_start = .
 *(.ARM.exidx*)
                0x08000640                __exidx_end = .

.ARM.attributes
                0x08000640       0x2a
 *(.ARM.attributes)
 .ARM.attributes
                0x08000640       0x1e c:/developer_tools/gcc_arm_none_eabi/bin/../lib/gcc/arm-none-eabi/9.2.1/thumb/v7e-m/nofp/crti.o
 .ARM.attributes
                0x0800065e       0x2e c:/developer_tools/gcc_arm_none_eabi/bin/../lib/gcc/arm-none-eabi/9.2.1/thumb/v7e-m/nofp/crtbegin.o
 .ARM.attributes
                0x0800068c       0x2e CMakeFiles/RotorFly_fw.elf.dir/App/gd32f3x0_it.c.obj
 .ARM.attributes
                0x080006ba       0x2e CMakeFiles/RotorFly_fw.elf.dir/App/main.c.obj
 .ARM.attributes
                0x080006e8       0x2e CMakeFiles/RotorFly_fw.elf.dir/App/systick.c.obj
 .ARM.attributes
                0x08000716       0x21 CMakeFiles/RotorFly_fw.elf.dir/Lib/GD32_Lib/CMSIS/GD/GD32F3x0/Source/GCC/startup_gd32f3x0.S.obj
 .ARM.attributes
                0x08000737       0x2e CMakeFiles/RotorFly_fw.elf.dir/Lib/GD32_Lib/CMSIS/GD/GD32F3x0/Source/system_gd32f3x0.c.obj
 .ARM.attributes
                0x08000765       0x2e CMakeFiles/RotorFly_fw.elf.dir/Lib/GD32_Lib/GD32F3x0_standard_peripheral/Source/gd32f3x0_misc.c.obj
 .ARM.attributes
                0x08000793       0x2e c:/developer_tools/gcc_arm_none_eabi/bin/../lib/gcc/arm-none-eabi/9.2.1/../../../../arm-none-eabi/lib/thumb/v7e-m/nofp\libc.a(lib_a-impure.o)
 .ARM.attributes
                0x080007c1       0x2e c:/developer_tools/gcc_arm_none_eabi/bin/../lib/gcc/arm-none-eabi/9.2.1/../../../../arm-none-eabi/lib/thumb/v7e-m/nofp\libc.a(lib_a-__call_atexit.o)
 .ARM.attributes
                0x080007ef       0x2e c:/developer_tools/gcc_arm_none_eabi/bin/../lib/gcc/arm-none-eabi/9.2.1/../../../../arm-none-eabi/lib/thumb/v7e-m/nofp\libc.a(lib_a-atexit.o)
 .ARM.attributes
                0x0800081d       0x2e c:/developer_tools/gcc_arm_none_eabi/bin/../lib/gcc/arm-none-eabi/9.2.1/../../../../arm-none-eabi/lib/thumb/v7e-m/nofp\libc.a(lib_a-fini.o)
 .ARM.attributes
                0x0800084b       0x2e c:/developer_tools/gcc_arm_none_eabi/bin/../lib/gcc/arm-none-eabi/9.2.1/../../../../arm-none-eabi/lib/thumb/v7e-m/nofp\libc.a(lib_a-lock.o)
 .ARM.attributes
                0x08000879       0x2e c:/developer_tools/gcc_arm_none_eabi/bin/../lib/gcc/arm-none-eabi/9.2.1/../../../../arm-none-eabi/lib/thumb/v7e-m/nofp\libc.a(lib_a-__atexit.o)
 .ARM.attributes
                0x080008a7       0x1e c:/developer_tools/gcc_arm_none_eabi/bin/../lib/gcc/arm-none-eabi/9.2.1/thumb/v7e-m/nofp/crtn.o

.preinit_array  0x08000640        0x0
                0x08000640                PROVIDE (__preinit_array_start = .)
 *(.preinit_array*)
                0x08000640                PROVIDE (__preinit_array_end = .)

.init_array     0x08000640        0x8
                0x08000640                PROVIDE (__init_array_start = .)
 *(SORT_BY_NAME(.init_array.*))
 .init_array.00000
                0x08000640        0x4 c:/developer_tools/gcc_arm_none_eabi/bin/../lib/gcc/arm-none-eabi/9.2.1/../../../../arm-none-eabi/lib/thumb/v7e-m/nofp\libc.a(lib_a-__call_atexit.o)
 *(.init_array*)
 .init_array    0x08000644        0x4 c:/developer_tools/gcc_arm_none_eabi/bin/../lib/gcc/arm-none-eabi/9.2.1/thumb/v7e-m/nofp/crtbegin.o
                0x08000648                PROVIDE (__init_array_end = .)

.fini_array     0x08000648        0x4
                0x08000648                PROVIDE (__fini_array_start = .)
 *(.fini_array*)
 .fini_array    0x08000648        0x4 c:/developer_tools/gcc_arm_none_eabi/bin/../lib/gcc/arm-none-eabi/9.2.1/thumb/v7e-m/nofp/crtbegin.o
 *(SORT_BY_NAME(.fini_array.*))
                0x0800064c                PROVIDE (__fini_array_end = .)
                0x0800064c                _sidata = LOADADDR (.data)

.data           0x20000000      0x434 load address 0x0800064c
                0x20000000                . = ALIGN (0x4)
                0x20000000                _sdata = .
 *(.data)
 *(.data*)
 .data.SystemCoreClock
                0x20000000        0x4 CMakeFiles/RotorFly_fw.elf.dir/Lib/GD32_Lib/CMSIS/GD/GD32F3x0/Source/system_gd32f3x0.c.obj
                0x20000000                SystemCoreClock
 *fill*         0x20000004        0x4 
 .data.impure_data
                0x20000008      0x428 c:/developer_tools/gcc_arm_none_eabi/bin/../lib/gcc/arm-none-eabi/9.2.1/../../../../arm-none-eabi/lib/thumb/v7e-m/nofp\libc.a(lib_a-impure.o)
 .data.__atexit_recursive_mutex
                0x20000430        0x4 c:/developer_tools/gcc_arm_none_eabi/bin/../lib/gcc/arm-none-eabi/9.2.1/../../../../arm-none-eabi/lib/thumb/v7e-m/nofp\libc.a(lib_a-__call_atexit.o)
                0x20000430                __atexit_recursive_mutex
                0x20000434                . = ALIGN (0x4)
                0x20000434                _edata = .

.igot.plt       0x20000434        0x0 load address 0x08000a80
 .igot.plt      0x20000434        0x0 c:/developer_tools/gcc_arm_none_eabi/bin/../lib/gcc/arm-none-eabi/9.2.1/thumb/v7e-m/nofp/crtbegin.o
                0x20000434                . = ALIGN (0x4)

.bss            0x20000434       0x44 load address 0x08000a80
                0x20000434                _sbss = .
                0x20000434                __bss_start__ = _sbss
 *(.bss)
 .bss           0x20000434       0x1c c:/developer_tools/gcc_arm_none_eabi/bin/../lib/gcc/arm-none-eabi/9.2.1/thumb/v7e-m/nofp/crtbegin.o
 *(.bss*)
 .bss.delay     0x20000450        0x4 CMakeFiles/RotorFly_fw.elf.dir/App/systick.c.obj
 *(COMMON)
 COMMON         0x20000454       0x21 c:/developer_tools/gcc_arm_none_eabi/bin/../lib/gcc/arm-none-eabi/9.2.1/../../../../arm-none-eabi/lib/thumb/v7e-m/nofp\libc.a(lib_a-lock.o)
                0x20000454                __lock___atexit_recursive_mutex
                0x20000458                __lock___arc4random_mutex
                0x2000045c                __lock___env_recursive_mutex
                0x20000460                __lock___sinit_recursive_mutex
                0x20000464                __lock___malloc_recursive_mutex
                0x20000468                __lock___at_quick_exit_mutex
                0x2000046c                __lock___dd_hash_mutex
                0x20000470                __lock___tz_mutex
                0x20000474                __lock___sfp_recursive_mutex
                0x20000478                . = ALIGN (0x4)
 *fill*         0x20000475        0x3 
                0x20000478                _ebss = .
                0x20000478                __bss_end__ = _ebss
                0x20000478                . = ALIGN (0x8)
                [!provide]                PROVIDE (end = _ebss)
                [!provide]                PROVIDE (_end = _ebss)

.stack          0x20001800      0x800 load address 0x20000478
                [!provide]                PROVIDE (_heap_end = .)
                0x00000800                . = __stack_size
 *fill*         0x20001800      0x800 
                0x20002000                PROVIDE (_sp = .)
START GROUP
LOAD c:/developer_tools/gcc_arm_none_eabi/bin/../lib/gcc/arm-none-eabi/9.2.1/thumb/v7e-m/nofp\libgcc.a
LOAD c:/developer_tools/gcc_arm_none_eabi/bin/../lib/gcc/arm-none-eabi/9.2.1/../../../../arm-none-eabi/lib/thumb/v7e-m/nofp\libc.a
LOAD c:/developer_tools/gcc_arm_none_eabi/bin/../lib/gcc/arm-none-eabi/9.2.1/../../../../arm-none-eabi/lib/thumb/v7e-m/nofp\libm.a
LOAD c:/developer_tools/gcc_arm_none_eabi/bin/../lib/gcc/arm-none-eabi/9.2.1/../../../../arm-none-eabi/lib/thumb/v7e-m/nofp\libnosys.a
END GROUP
OUTPUT(RotorFly_fw.elf elf32-littlearm)

.debug_info     0x00000000     0x129d
 .debug_info    0x00000000      0x176 CMakeFiles/RotorFly_fw.elf.dir/App/gd32f3x0_it.c.obj
 .debug_info    0x00000176       0xea CMakeFiles/RotorFly_fw.elf.dir/App/main.c.obj
 .debug_info    0x00000260      0x6ed CMakeFiles/RotorFly_fw.elf.dir/App/systick.c.obj
 .debug_info    0x0000094d       0x22 CMakeFiles/RotorFly_fw.elf.dir/Lib/GD32_Lib/CMSIS/GD/GD32F3x0/Source/GCC/startup_gd32f3x0.S.obj
 .debug_info    0x0000096f      0x35d CMakeFiles/RotorFly_fw.elf.dir/Lib/GD32_Lib/CMSIS/GD/GD32F3x0/Source/system_gd32f3x0.c.obj
 .debug_info    0x00000ccc      0x5d1 CMakeFiles/RotorFly_fw.elf.dir/Lib/GD32_Lib/GD32F3x0_standard_peripheral/Source/gd32f3x0_misc.c.obj

.debug_abbrev   0x00000000      0x6e8
 .debug_abbrev  0x00000000       0xba CMakeFiles/RotorFly_fw.elf.dir/App/gd32f3x0_it.c.obj
 .debug_abbrev  0x000000ba       0xa2 CMakeFiles/RotorFly_fw.elf.dir/App/main.c.obj
 .debug_abbrev  0x0000015c      0x223 CMakeFiles/RotorFly_fw.elf.dir/App/systick.c.obj
 .debug_abbrev  0x0000037f       0x12 CMakeFiles/RotorFly_fw.elf.dir/Lib/GD32_Lib/CMSIS/GD/GD32F3x0/Source/GCC/startup_gd32f3x0.S.obj
 .debug_abbrev  0x00000391      0x1cb CMakeFiles/RotorFly_fw.elf.dir/Lib/GD32_Lib/CMSIS/GD/GD32F3x0/Source/system_gd32f3x0.c.obj
 .debug_abbrev  0x0000055c      0x18c CMakeFiles/RotorFly_fw.elf.dir/Lib/GD32_Lib/GD32F3x0_standard_peripheral/Source/gd32f3x0_misc.c.obj

.debug_aranges  0x00000000      0x160
 .debug_aranges
                0x00000000       0x60 CMakeFiles/RotorFly_fw.elf.dir/App/gd32f3x0_it.c.obj
 .debug_aranges
                0x00000060       0x20 CMakeFiles/RotorFly_fw.elf.dir/App/main.c.obj
 .debug_aranges
                0x00000080       0x30 CMakeFiles/RotorFly_fw.elf.dir/App/systick.c.obj
 .debug_aranges
                0x000000b0       0x28 CMakeFiles/RotorFly_fw.elf.dir/Lib/GD32_Lib/CMSIS/GD/GD32F3x0/Source/GCC/startup_gd32f3x0.S.obj
 .debug_aranges
                0x000000d8       0x38 CMakeFiles/RotorFly_fw.elf.dir/Lib/GD32_Lib/CMSIS/GD/GD32F3x0/Source/system_gd32f3x0.c.obj
 .debug_aranges
                0x00000110       0x50 CMakeFiles/RotorFly_fw.elf.dir/Lib/GD32_Lib/GD32F3x0_standard_peripheral/Source/gd32f3x0_misc.c.obj

.debug_ranges   0x00000000      0x120
 .debug_ranges  0x00000000       0x50 CMakeFiles/RotorFly_fw.elf.dir/App/gd32f3x0_it.c.obj
 .debug_ranges  0x00000050       0x10 CMakeFiles/RotorFly_fw.elf.dir/App/main.c.obj
 .debug_ranges  0x00000060       0x20 CMakeFiles/RotorFly_fw.elf.dir/App/systick.c.obj
 .debug_ranges  0x00000080       0x20 CMakeFiles/RotorFly_fw.elf.dir/Lib/GD32_Lib/CMSIS/GD/GD32F3x0/Source/GCC/startup_gd32f3x0.S.obj
 .debug_ranges  0x000000a0       0x40 CMakeFiles/RotorFly_fw.elf.dir/Lib/GD32_Lib/CMSIS/GD/GD32F3x0/Source/system_gd32f3x0.c.obj
 .debug_ranges  0x000000e0       0x40 CMakeFiles/RotorFly_fw.elf.dir/Lib/GD32_Lib/GD32F3x0_standard_peripheral/Source/gd32f3x0_misc.c.obj

.debug_line     0x00000000     0x1572
 .debug_line    0x00000000      0x376 CMakeFiles/RotorFly_fw.elf.dir/App/gd32f3x0_it.c.obj
 .debug_line    0x00000376      0x255 CMakeFiles/RotorFly_fw.elf.dir/App/main.c.obj
 .debug_line    0x000005cb      0x37c CMakeFiles/RotorFly_fw.elf.dir/App/systick.c.obj
 .debug_line    0x00000947       0xd5 CMakeFiles/RotorFly_fw.elf.dir/Lib/GD32_Lib/CMSIS/GD/GD32F3x0/Source/GCC/startup_gd32f3x0.S.obj
 .debug_line    0x00000a1c      0x7b9 CMakeFiles/RotorFly_fw.elf.dir/Lib/GD32_Lib/CMSIS/GD/GD32F3x0/Source/system_gd32f3x0.c.obj
 .debug_line    0x000011d5      0x39d CMakeFiles/RotorFly_fw.elf.dir/Lib/GD32_Lib/GD32F3x0_standard_peripheral/Source/gd32f3x0_misc.c.obj

.debug_str      0x00000000      0xabc
 .debug_str     0x00000000      0x296 CMakeFiles/RotorFly_fw.elf.dir/App/gd32f3x0_it.c.obj
                                0x2db (size before relaxing)
 .debug_str     0x00000296       0x5b CMakeFiles/RotorFly_fw.elf.dir/App/main.c.obj
                                0x248 (size before relaxing)
 .debug_str     0x000002f1      0x47a CMakeFiles/RotorFly_fw.elf.dir/App/systick.c.obj
                                0x6ae (size before relaxing)
 .debug_str     0x0000076b       0x87 CMakeFiles/RotorFly_fw.elf.dir/Lib/GD32_Lib/CMSIS/GD/GD32F3x0/Source/GCC/startup_gd32f3x0.S.obj
                                 0xc9 (size before relaxing)
 .debug_str     0x000007f2      0x136 CMakeFiles/RotorFly_fw.elf.dir/Lib/GD32_Lib/CMSIS/GD/GD32F3x0/Source/system_gd32f3x0.c.obj
                                0x40f (size before relaxing)
 .debug_str     0x00000928      0x194 CMakeFiles/RotorFly_fw.elf.dir/Lib/GD32_Lib/GD32F3x0_standard_peripheral/Source/gd32f3x0_misc.c.obj
                                0x47d (size before relaxing)

.comment        0x00000000       0x79
 .comment       0x00000000       0x79 CMakeFiles/RotorFly_fw.elf.dir/App/gd32f3x0_it.c.obj
                                 0x7a (size before relaxing)
 .comment       0x00000079       0x7a CMakeFiles/RotorFly_fw.elf.dir/App/main.c.obj
 .comment       0x00000079       0x7a CMakeFiles/RotorFly_fw.elf.dir/App/systick.c.obj
 .comment       0x00000079       0x7a CMakeFiles/RotorFly_fw.elf.dir/Lib/GD32_Lib/CMSIS/GD/GD32F3x0/Source/system_gd32f3x0.c.obj
 .comment       0x00000079       0x7a CMakeFiles/RotorFly_fw.elf.dir/Lib/GD32_Lib/GD32F3x0_standard_peripheral/Source/gd32f3x0_misc.c.obj

.debug_frame    0x00000000      0x3a4
 .debug_frame   0x00000000       0xa8 CMakeFiles/RotorFly_fw.elf.dir/App/gd32f3x0_it.c.obj
 .debug_frame   0x000000a8       0x28 CMakeFiles/RotorFly_fw.elf.dir/App/main.c.obj
 .debug_frame   0x000000d0       0x40 CMakeFiles/RotorFly_fw.elf.dir/App/systick.c.obj
 .debug_frame   0x00000110       0x74 CMakeFiles/RotorFly_fw.elf.dir/Lib/GD32_Lib/CMSIS/GD/GD32F3x0/Source/system_gd32f3x0.c.obj
 .debug_frame   0x00000184       0x8c CMakeFiles/RotorFly_fw.elf.dir/Lib/GD32_Lib/GD32F3x0_standard_peripheral/Source/gd32f3x0_misc.c.obj
 .debug_frame   0x00000210       0x5c c:/developer_tools/gcc_arm_none_eabi/bin/../lib/gcc/arm-none-eabi/9.2.1/../../../../arm-none-eabi/lib/thumb/v7e-m/nofp\libc.a(lib_a-__call_atexit.o)
 .debug_frame   0x0000026c       0x20 c:/developer_tools/gcc_arm_none_eabi/bin/../lib/gcc/arm-none-eabi/9.2.1/../../../../arm-none-eabi/lib/thumb/v7e-m/nofp\libc.a(lib_a-atexit.o)
 .debug_frame   0x0000028c       0x34 c:/developer_tools/gcc_arm_none_eabi/bin/../lib/gcc/arm-none-eabi/9.2.1/../../../../arm-none-eabi/lib/thumb/v7e-m/nofp\libc.a(lib_a-fini.o)
 .debug_frame   0x000002c0       0xb0 c:/developer_tools/gcc_arm_none_eabi/bin/../lib/gcc/arm-none-eabi/9.2.1/../../../../arm-none-eabi/lib/thumb/v7e-m/nofp\libc.a(lib_a-lock.o)
 .debug_frame   0x00000370       0x34 c:/developer_tools/gcc_arm_none_eabi/bin/../lib/gcc/arm-none-eabi/9.2.1/../../../../arm-none-eabi/lib/thumb/v7e-m/nofp\libc.a(lib_a-__atexit.o)

.debug_loc      0x00000000      0x579
 .debug_loc     0x00000000       0x90 CMakeFiles/RotorFly_fw.elf.dir/App/systick.c.obj
 .debug_loc     0x00000090      0x25f CMakeFiles/RotorFly_fw.elf.dir/Lib/GD32_Lib/CMSIS/GD/GD32F3x0/Source/system_gd32f3x0.c.obj
 .debug_loc     0x000002ef      0x28a CMakeFiles/RotorFly_fw.elf.dir/Lib/GD32_Lib/GD32F3x0_standard_peripheral/Source/gd32f3x0_misc.c.obj
